Vector A (Isolation): {'ACTION': 15.0}
Vector B (Isolation): {'ACTION': 10.0, 'OUTCOME': 20.0}
Independent Impact Sum: {'ACTION': 25.0, 'OUTCOME': 20.0}
Cooperative Impact: {'ACTION': 25.0, 'OUTCOME': 30.0}
Synergy Density Ratio: 1.2222222222222223
python : Traceback (most 
recent call last):
At line:1 char:1
+ python tests/test_synergy_
density.py > 
tests/test_output.txt 2>&1
+ ~~~~~~~~~~~~~~~~~~~~~~~~~~
~~~~~~~~~~~~~~~~~~~~~~~~~~~~
~~~~~~~~~~~
    + CategoryInfo          
    : NotSpecified: (Trace  
  back (most recent call    
 last)::String) [], Remo    
teException
    + FullyQualifiedErrorId 
    : NativeCommandError
 
  File "C:\Users\galan\metri
cs\tests\test_synergy_densit
y.py", line 73, in <module>
    
test_synergy_calculation()
    
~~~~~~~~~~~~~~~~~~~~~~~~^^
  File "C:\Users\galan\metri
cs\tests\test_synergy_densit
y.py", line 69, in 
test_synergy_calculation
    assert abs(metric.synerg
y_density_ratio - 1.375) < 
0.001
           ^^^^^^^^^^^^^^^^^
^^^^^^^^^^^^^^^^^^^^^^^^^^^^
^^^^
AssertionError
